2026-09-22 00:37:12.342 +08:00 [INF] HTTP GET /api/councils/statistics responded 401 in 12.7072 ms
2026-09-22 00:37:12.366 +08:00 [INF] HTTP POST /api/auth/refresh responded 401 in 0.5290 ms
2026-09-22 00:37:25.817 +08:00 [INF] HTTP POST /api/auth/sign-in responded 200 in 1206.7010 ms
2026-09-22 00:37:25.918 +08:00 [INF] HTTP GET /api/auth/me responded 200 in 70.9655 ms
2026-09-22 00:37:26.376 +08:00 [INF] HTTP GET /api/councils/statistics responded 200 in 110.4241 ms
2026-09-22 00:37:32.771 +08:00 [INF] HTTP GET /api/councils/19/statistics responded 200 in 435.0797 ms
2026-09-22 00:37:35.672 +08:00 [INF] HTTP GET /api/councils/20/statistics responded 200 in 86.3569 ms
2026-09-22 00:37:42.935 +08:00 [INF] HTTP GET /api/chapter-registrations responded 200 in 81.3865 ms
2026-09-22 00:37:48.875 +08:00 [INF] HTTP GET /api/councils/2/statistics responded 200 in 92.4855 ms
2026-09-22 00:37:53.134 +08:00 [INF] HTTP GET /api/councils/3/statistics responded 200 in 79.0079 ms
2026-09-22 00:37:56.268 +08:00 [INF] HTTP GET /api/councils/4/statistics responded 200 in 76.5983 ms
2026-09-22 00:37:59.384 +08:00 [INF] HTTP GET /api/members responded 200 in 78.0491 ms
2026-09-22 00:38:00.326 +08:00 [INF] HTTP GET /api/membership-applications responded 200 in 1010.3321 ms
2026-09-22 00:38:09.058 +08:00 [INF] HTTP POST /api/members/9/block responded 200 in 68.8125 ms
2026-09-22 00:38:34.665 +08:00 [INF] HTTP POST /api/members/9/reset-password responded 200 in 132.6429 ms
2026-09-22 00:38:56.922 +08:00 [INF] HTTP GET /api/chapters/1/corrective-actions responded 200 in 69.8468 ms
2026-09-22 00:39:00.507 +08:00 [INF] HTTP GET /api/chapters/1/meetings responded 200 in 70.4930 ms
2026-09-22 00:39:00.517 +08:00 [INF] HTTP GET /api/chapters/1/announcements responded 200 in 67.7848 ms
2026-09-22 00:39:00.854 +08:00 [INF] HTTP GET /api/conversations responded 200 in 383.0568 ms
2026-09-22 00:39:00.855 +08:00 [INF] HTTP GET /api/chapters/1/ledger/summary responded 200 in 384.9685 ms
2026-09-22 00:39:04.302 +08:00 [INF] HTTP GET /api/members responded 200 in 83.1713 ms
2026-09-22 00:39:13.849 +08:00 [INF] HTTP POST /api/auth/refresh responded 401 in 0.3509 ms
2026-09-22 00:39:13.862 +08:00 [INF] HTTP POST /api/auth/refresh responded 401 in 0.2968 ms
2026-09-22 00:39:14.637 +08:00 [INF] HTTP POST /api/auth/refresh responded 401 in 0.3481 ms
2026-09-22 00:39:14.649 +08:00 [INF] HTTP POST /api/auth/refresh responded 401 in 0.1668 ms
2026-09-22 00:39:17.096 +08:00 [INF] HTTP POST /api/auth/sign-in responded 200 in 383.1563 ms
2026-09-22 00:39:17.191 +08:00 [INF] HTTP GET /api/auth/me responded 200 in 61.6345 ms
2026-09-22 00:39:20.656 +08:00 [INF] HTTP GET /api/members/blocked responded 200 in 76.8858 ms
2026-09-22 00:47:54.661 +08:00 [INF] HTTP GET /api/councils/statistics responded 200 in 533.9580 ms
2026-09-22 00:47:56.138 +08:00 [INF] HTTP GET /api/chapter-registrations responded 200 in 70.1980 ms
2026-09-22 00:47:59.175 +08:00 [INF] HTTP GET /api/chapter-registrations/136 responded 200 in 95.8980 ms
2026-09-22 00:48:05.249 +08:00 [INF] HTTP GET /api/councils responded 200 in 165.9673 ms
2026-09-22 00:49:47.923 +08:00 [INF] HTTP GET /api/councils responded 200 in 175.2505 ms
2026-09-22 00:53:55.984 +08:00 [INF] HTTP POST /api/auth/refresh responded 401 in 0.9213 ms
2026-09-22 00:53:55.993 +08:00 [INF] HTTP POST /api/auth/refresh responded 401 in 0.1801 ms
2026-09-22 00:53:56.381 +08:00 [INF] HTTP POST /api/auth/refresh responded 401 in 0.1700 ms
2026-09-22 00:53:56.381 +08:00 [INF] HTTP POST /api/auth/refresh responded 401 in 0.0543 ms
2026-09-22 00:53:59.432 +08:00 [INF] HTTP POST /api/auth/sign-in responded 200 in 739.2164 ms
2026-09-22 00:53:59.524 +08:00 [INF] HTTP GET /api/auth/me responded 200 in 62.1676 ms
2026-09-22 00:53:59.645 +08:00 [INF] HTTP GET /api/chapters/1/meetings responded 200 in 69.3992 ms
2026-09-22 00:54:00.279 +08:00 [INF] HTTP GET /api/chapters/1/announcements responded 200 in 671.8740 ms
2026-09-22 00:54:00.282 +08:00 [INF] HTTP GET /api/membership-applications responded 200 in 666.1029 ms
2026-09-22 00:54:00.550 +08:00 [INF] HTTP GET /api/conversations responded 200 in 934.2703 ms
2026-09-22 00:54:00.558 +08:00 [INF] HTTP GET /api/chapters/1/ledger/summary responded 200 in 941.0774 ms
2026-09-22 00:54:05.406 +08:00 [INF] HTTP GET /api/blood-types responded 200 in 69.8095 ms
2026-09-22 00:54:05.411 +08:00 [INF] HTTP GET /api/members/me responded 200 in 97.7032 ms
2026-09-22 00:54:05.413 +08:00 [INF] HTTP GET /api/skills responded 200 in 76.4004 ms
2026-09-22 00:54:05.528 +08:00 [INF] HTTP GET /api/notifications/preferences responded 200 in 68.7454 ms
2026-09-22 00:54:25.232 +08:00 [INF] HTTP GET /api/chapters/1/dashboard responded 200 in 196.2862 ms
2026-09-22 00:54:34.382 +08:00 [INF] HTTP GET /api/members responded 200 in 73.7202 ms
2026-09-22 00:54:43.205 +08:00 [INF] HTTP GET /api/chapters/1/meetings responded 200 in 59.8156 ms
2026-09-22 00:54:43.212 +08:00 [INF] HTTP GET /api/conversations responded 200 in 55.7250 ms
2026-09-22 00:54:43.230 +08:00 [INF] HTTP GET /api/chapters/1/announcements responded 200 in 53.9444 ms
2026-09-22 00:54:43.562 +08:00 [INF] HTTP GET /api/chapters/1/ledger/summary responded 200 in 385.2881 ms
2026-09-22 00:54:48.526 +08:00 [INF] HTTP POST /api/auth/refresh responded 401 in 0.1448 ms
2026-09-22 00:54:48.537 +08:00 [INF] HTTP POST /api/auth/refresh responded 401 in 0.1779 ms
2026-09-22 00:54:59.646 +08:00 [INF] HTTP POST /api/auth/sign-in responded 200 in 304.3791 ms
2026-09-22 00:54:59.825 +08:00 [INF] HTTP GET /api/auth/me responded 200 in 151.9798 ms
2026-09-22 00:54:59.959 +08:00 [INF] HTTP GET /api/chapters/1/meetings responded 200 in 80.1825 ms
2026-09-22 00:54:59.972 +08:00 [INF] HTTP GET /api/conversations responded 200 in 61.6200 ms
2026-09-22 00:54:59.992 +08:00 [INF] HTTP GET /api/chapters/1/announcements responded 200 in 81.4058 ms
2026-09-22 00:54:59.999 +08:00 [INF] HTTP GET /api/membership-applications responded 200 in 79.2604 ms
2026-09-22 00:55:00.324 +08:00 [INF] HTTP GET /api/chapters/1/ledger/summary responded 200 in 404.2836 ms
2026-09-22 00:55:02.773 +08:00 [INF] HTTP GET /api/chapters/1/dashboard responded 200 in 59.1018 ms
2026-09-22 00:55:12.392 +08:00 [INF] HTTP GET /api/members responded 200 in 58.5883 ms
2026-09-22 00:55:18.720 +08:00 [INF] HTTP GET /api/members/me responded 200 in 56.8340 ms
2026-09-22 00:55:18.743 +08:00 [INF] HTTP GET /api/blood-types responded 200 in 55.3989 ms
2026-09-22 00:55:18.750 +08:00 [INF] HTTP GET /api/skills responded 200 in 62.4315 ms
2026-09-22 00:55:18.839 +08:00 [INF] HTTP GET /api/notifications/preferences responded 200 in 71.4670 ms
2026-09-22 00:55:33.348 +08:00 [INF] HTTP GET /api/members/me responded 200 in 57.7950 ms
2026-09-22 00:55:33.352 +08:00 [INF] HTTP GET /api/members/me/credential responded 200 in 73.8765 ms
2026-09-22 00:55:37.772 +08:00 [INF] HTTP GET /api/chapters/1/meetings responded 200 in 67.0298 ms
2026-09-22 00:55:37.772 +08:00 [INF] HTTP GET /api/chapters/1/announcements responded 200 in 66.7502 ms
2026-09-22 00:55:37.776 +08:00 [INF] HTTP GET /api/chapters/1/ledger/summary responded 200 in 51.0765 ms
2026-09-22 00:55:37.786 +08:00 [INF] HTTP GET /api/conversations responded 200 in 61.2585 ms
2026-09-22 00:55:57.623 +08:00 [INF] HTTP POST /api/auth/sign-out responded 200 in 195.6601 ms
2026-09-22 00:56:31.580 +08:00 [INF] Application is shutting down...
2026-09-22 00:56:31.581 +08:00 [DBG] Hosting stopping
2026-09-22 00:56:31.586 +08:00 [DBG] Hosting stopped
2026-09-22 01:00:30.478 +08:00 [DBG] Hosting starting
2026-09-22 01:00:30.811 +08:00 [WRN] The ASP.NET Core developer certificate is not trusted. For information about trusting the ASP.NET Core developer certificate, see https://aka.ms/aspnet/https-trust-dev-cert.
2026-09-22 01:00:30.816 +08:00 [INF] Now listening on: https://localhost:5443
2026-09-22 01:00:30.816 +08:00 [INF] Now listening on: http://localhost:5080
2026-09-22 01:00:30.817 +08:00 [INF] Application started. Press Ctrl+C to shut down.
2026-09-22 01:00:30.817 +08:00 [INF] Hosting environment: Development
2026-09-22 01:00:30.817 +08:00 [INF] Content root path: /Users/eulzavancena/Documents/PROJECTS/AIS/src/Akrho.Api
2026-09-22 01:00:30.817 +08:00 [DBG] Hosting started
2026-09-22 01:00:46.519 +08:00 [INF] HTTP POST /api/auth/refresh responded 401 in 18.5768 ms
2026-09-22 01:00:46.519 +08:00 [INF] HTTP POST /api/auth/refresh responded 401 in 18.5816 ms
2026-09-22 01:00:49.840 +08:00 [INF] HTTP POST /api/auth/sign-in responded 200 in 879.2717 ms
2026-09-22 01:00:49.948 +08:00 [INF] HTTP GET /api/auth/me responded 200 in 75.1273 ms
2026-09-22 01:00:50.066 +08:00 [INF] HTTP GET /api/chapters/1/meetings responded 200 in 66.7396 ms
2026-09-22 01:00:50.357 +08:00 [INF] HTTP GET /api/chapters/1/ledger/summary responded 200 in 334.7394 ms
2026-09-22 01:00:50.359 +08:00 [INF] HTTP GET /api/chapters/1/announcements responded 200 in 337.5703 ms
2026-09-22 01:00:50.648 +08:00 [INF] HTTP GET /api/conversations responded 200 in 608.9836 ms
2026-09-22 01:00:50.652 +08:00 [INF] HTTP GET /api/membership-applications responded 200 in 613.7049 ms
2026-09-22 01:00:58.703 +08:00 [INF] HTTP GET /api/members responded 200 in 105.1327 ms
2026-09-22 01:01:13.076 +08:00 [INF] HTTP GET /api/blood-types responded 200 in 58.3688 ms
2026-09-22 01:01:13.076 +08:00 [INF] HTTP GET /api/skills responded 200 in 58.6877 ms
2026-09-22 01:01:13.081 +08:00 [INF] HTTP GET /api/members/me responded 200 in 86.0562 ms
2026-09-22 01:01:13.214 +08:00 [INF] HTTP GET /api/notifications/preferences responded 200 in 79.0924 ms
2026-09-22 01:01:20.014 +08:00 [INF] HTTP POST /api/auth/refresh responded 401 in 0.4908 ms
2026-09-22 01:01:20.014 +08:00 [INF] HTTP POST /api/auth/refresh responded 401 in 0.1272 ms
2026-09-22 01:01:24.796 +08:00 [INF] HTTP POST /api/auth/sign-in responded 200 in 292.5699 ms
2026-09-22 01:01:24.885 +08:00 [INF] HTTP GET /api/auth/me responded 200 in 56.3767 ms
2026-09-22 01:01:24.983 +08:00 [INF] HTTP GET /api/members/me responded 200 in 58.8243 ms
2026-09-22 01:01:25.012 +08:00 [INF] HTTP GET /api/membership-applications responded 200 in 54.4440 ms
2026-09-22 01:01:25.015 +08:00 [INF] HTTP GET /api/skills responded 200 in 57.1338 ms
2026-09-22 01:01:25.073 +08:00 [INF] HTTP GET /api/notifications/preferences responded 200 in 52.0740 ms
2026-09-22 01:01:25.284 +08:00 [INF] HTTP GET /api/blood-types responded 200 in 326.7485 ms
2026-09-22 01:01:41.087 +08:00 [INF] HTTP GET /api/chapters/1/meetings responded 200 in 76.9144 ms
2026-09-22 01:01:41.094 +08:00 [INF] HTTP GET /api/conversations responded 200 in 53.8722 ms
2026-09-22 01:01:41.097 +08:00 [INF] HTTP GET /api/chapters/1/ledger/summary responded 200 in 56.2891 ms
2026-09-22 01:01:41.099 +08:00 [INF] HTTP GET /api/chapters/1/announcements responded 200 in 58.3251 ms
2026-09-22 01:01:43.311 +08:00 [INF] HTTP GET /api/members responded 200 in 71.0519 ms
2026-09-22 01:01:55.896 +08:00 [INF] HTTP GET /api/chapters/me/invite-link responded 200 in 71.9844 ms
2026-09-22 01:02:12.372 +08:00 [INF] HTTP POST /api/auth/refresh responded 401 in 0.2401 ms
2026-09-22 01:02:12.383 +08:00 [INF] HTTP POST /api/auth/refresh responded 401 in 0.2128 ms
2026-09-22 01:02:12.986 +08:00 [INF] HTTP POST /api/auth/refresh responded 401 in 0.2540 ms
2026-09-22 01:02:12.996 +08:00 [INF] HTTP POST /api/auth/refresh responded 401 in 0.1293 ms
2026-09-22 01:02:15.750 +08:00 [INF] HTTP POST /api/auth/sign-in responded 200 in 292.2154 ms
2026-09-22 01:02:15.840 +08:00 [INF] HTTP GET /api/auth/me responded 200 in 56.5165 ms
2026-09-22 01:02:19.862 +08:00 [INF] HTTP GET /api/councils responded 200 in 108.1630 ms
2026-09-22 01:02:21.702 +08:00 [INF] HTTP GET /api/councils responded 200 in 61.7845 ms
2026-09-22 01:02:22.700 +08:00 [INF] HTTP GET /api/councils responded 200 in 59.2562 ms
2026-09-22 01:02:23.366 +08:00 [INF] HTTP GET /api/councils responded 200 in 57.8518 ms
2026-09-22 01:02:26.265 +08:00 [INF] HTTP GET /api/chapter-registrations responded 200 in 79.0317 ms
2026-09-22 01:02:29.143 +08:00 [INF] HTTP GET /api/councils/statistics responded 200 in 121.8873 ms
2026-09-22 01:03:54.353 +08:00 [INF] HTTP POST /api/auth/sign-out responded 200 in 121.4340 ms
2026-09-22 01:03:56.783 +08:00 [INF] HTTP POST /api/auth/sign-in responded 200 in 297.6485 ms
2026-09-22 01:03:56.876 +08:00 [INF] HTTP GET /api/auth/me responded 200 in 57.6723 ms
2026-09-22 01:03:57.023 +08:00 [INF] HTTP GET /api/councils/statistics responded 200 in 91.0502 ms
2026-09-22 01:03:59.655 +08:00 [INF] HTTP POST /api/auth/sign-out responded 200 in 66.3533 ms
2026-09-22 01:04:02.622 +08:00 [INF] HTTP POST /api/auth/refresh responded 401 in 0.2573 ms
2026-09-22 01:04:02.631 +08:00 [INF] HTTP POST /api/auth/refresh responded 401 in 0.1238 ms
2026-09-22 01:04:08.189 +08:00 [INF] HTTP POST /api/auth/sign-in responded 200 in 406.9431 ms
2026-09-22 01:04:08.278 +08:00 [INF] HTTP GET /api/auth/me responded 200 in 54.6747 ms
2026-09-22 01:04:08.381 +08:00 [INF] HTTP GET /api/chapters/1/meetings responded 200 in 54.4866 ms
2026-09-22 01:04:08.390 +08:00 [INF] HTTP GET /api/chapters/1/ledger/summary responded 200 in 51.9873 ms
2026-09-22 01:04:08.411 +08:00 [INF] HTTP GET /api/chapters/1/announcements responded 200 in 53.7914 ms
2026-09-22 01:04:08.422 +08:00 [INF] HTTP GET /api/conversations responded 200 in 56.2387 ms
2026-09-22 01:04:08.775 +08:00 [INF] HTTP GET /api/membership-applications responded 200 in 409.7117 ms
2026-09-22 01:04:11.316 +08:00 [INF] HTTP POST /api/auth/refresh responded 401 in 0.1501 ms
2026-09-22 01:04:11.327 +08:00 [INF] HTTP POST /api/auth/refresh responded 401 in 0.1584 ms
2026-09-22 01:04:13.994 +08:00 [INF] HTTP POST /api/auth/refresh responded 401 in 0.1847 ms
2026-09-22 01:04:14.007 +08:00 [INF] HTTP POST /api/auth/refresh responded 401 in 0.1423 ms
2026-09-22 01:04:19.786 +08:00 [INF] HTTP POST /api/auth/refresh responded 401 in 0.2211 ms
2026-09-22 01:04:19.798 +08:00 [INF] HTTP POST /api/auth/refresh responded 401 in 0.1948 ms
2026-09-22 01:04:23.963 +08:00 [INF] HTTP POST /api/auth/refresh responded 401 in 0.1437 ms
2026-09-22 01:04:23.974 +08:00 [INF] HTTP POST /api/auth/refresh responded 401 in 0.0974 ms
2026-09-22 01:04:26.449 +08:00 [INF] HTTP POST /api/auth/sign-in responded 200 in 313.4525 ms
2026-09-22 01:04:26.546 +08:00 [INF] HTTP GET /api/auth/me responded 200 in 62.1047 ms
2026-09-22 01:04:26.607 +08:00 [INF] HTTP GET /api/members responded 400 in 21.1427 ms
2026-09-22 01:04:26.658 +08:00 [INF] HTTP GET /api/membership-applications responded 200 in 60.6409 ms
2026-09-22 01:04:27.647 +08:00 [INF] HTTP GET /api/members responded 400 in 1.5034 ms
2026-09-22 01:04:29.216 +08:00 [INF] HTTP GET /api/members responded 400 in 1.1057 ms
2026-09-22 01:04:30.244 +08:00 [INF] HTTP GET /api/members responded 400 in 0.8812 ms
2026-09-22 01:04:30.874 +08:00 [INF] HTTP GET /api/members responded 400 in 0.6029 ms
2026-09-22 01:04:31.911 +08:00 [INF] HTTP GET /api/members responded 400 in 0.8910 ms
2026-09-22 01:04:43.349 +08:00 [INF] HTTP POST /api/auth/refresh responded 401 in 0.2263 ms
2026-09-22 01:04:43.359 +08:00 [INF] HTTP POST /api/auth/refresh responded 401 in 0.1745 ms
2026-09-22 01:04:45.900 +08:00 [INF] HTTP POST /api/auth/sign-in responded 200 in 300.3879 ms
2026-09-22 01:04:45.988 +08:00 [INF] HTTP GET /api/auth/me responded 200 in 60.3305 ms
2026-09-22 01:04:46.105 +08:00 [INF] HTTP GET /api/membership-applications responded 200 in 61.2211 ms
2026-09-22 01:04:46.109 +08:00 [INF] HTTP GET /api/chapters/1/officers responded 200 in 65.2167 ms
2026-09-22 01:05:21.172 +08:00 [INF] HTTP GET /api/members responded 400 in 1.0948 ms
2026-09-22 01:05:22.196 +08:00 [INF] HTTP GET /api/members responded 400 in 0.7368 ms
2026-09-22 01:05:31.570 +08:00 [INF] HTTP GET /api/members responded 400 in 0.8829 ms
2026-09-22 01:05:32.593 +08:00 [INF] HTTP GET /api/members responded 400 in 0.5992 ms
2026-09-22 01:05:35.937 +08:00 [INF] HTTP GET /api/members responded 400 in 0.6505 ms
2026-09-22 01:05:36.976 +08:00 [INF] HTTP GET /api/members responded 400 in 1.0147 ms
2026-09-22 01:05:38.315 +08:00 [INF] HTTP GET /api/members responded 400 in 1.0229 ms
2026-09-22 01:05:38.436 +08:00 [INF] HTTP GET /api/members responded 400 in 0.6462 ms
2026-09-22 01:05:39.472 +08:00 [INF] HTTP GET /api/members responded 400 in 1.0192 ms
2026-09-22 01:05:40.549 +08:00 [INF] HTTP GET /api/members responded 400 in 0.8421 ms
2026-09-22 01:05:40.660 +08:00 [INF] HTTP GET /api/members responded 400 in 0.7337 ms
2026-09-22 01:05:41.698 +08:00 [INF] HTTP GET /api/members responded 400 in 1.1671 ms
2026-09-22 01:05:42.221 +08:00 [INF] HTTP GET /api/members responded 400 in 0.6766 ms
2026-09-22 01:05:42.694 +08:00 [INF] HTTP GET /api/members responded 400 in 0.4956 ms
2026-09-22 01:05:43.731 +08:00 [INF] HTTP GET /api/members responded 400 in 0.9107 ms
2026-09-22 01:05:44.204 +08:00 [INF] HTTP GET /api/members responded 400 in 0.8106 ms
2026-09-22 01:05:44.286 +08:00 [INF] HTTP GET /api/members responded 400 in 0.7187 ms
2026-09-22 01:05:45.324 +08:00 [INF] HTTP GET /api/members responded 400 in 1.0671 ms
2026-09-22 01:05:45.749 +08:00 [INF] HTTP GET /api/members responded 400 in 0.8538 ms
2026-09-22 01:05:46.216 +08:00 [INF] HTTP GET /api/members responded 400 in 0.6223 ms
2026-09-22 01:05:46.285 +08:00 [INF] HTTP GET /api/members responded 400 in 0.5565 ms
2026-09-22 01:05:46.488 +08:00 [INF] HTTP GET /api/members responded 400 in 0.7567 ms
2026-09-22 01:05:46.621 +08:00 [INF] HTTP GET /api/members responded 400 in 0.5718 ms
2026-09-22 01:05:47.648 +08:00 [INF] HTTP GET /api/members responded 400 in 0.2293 ms
2026-09-22 01:05:48.927 +08:00 [INF] HTTP GET /api/members responded 400 in 0.7036 ms
2026-09-22 01:05:49.962 +08:00 [INF] HTTP GET /api/members responded 400 in 0.7971 ms
2026-09-22 01:05:50.420 +08:00 [INF] HTTP GET /api/members responded 400 in 0.5058 ms
2026-09-22 01:05:50.586 +08:00 [INF] HTTP GET /api/members responded 400 in 0.5723 ms
2026-09-22 01:05:50.776 +08:00 [INF] HTTP GET /api/members responded 400 in 0.4555 ms
2026-09-22 01:05:51.809 +08:00 [INF] HTTP GET /api/members responded 400 in 0.8525 ms
2026-09-22 01:05:52.571 +08:00 [INF] HTTP GET /api/members responded 400 in 0.5680 ms
2026-09-22 01:05:53.073 +08:00 [INF] HTTP GET /api/members responded 400 in 0.7816 ms
2026-09-22 01:05:53.150 +08:00 [INF] HTTP GET /api/members responded 400 in 0.6459 ms
2026-09-22 01:05:53.235 +08:00 [INF] HTTP GET /api/members responded 400 in 0.3899 ms
2026-09-22 01:05:53.324 +08:00 [INF] HTTP GET /api/members responded 400 in 0.6654 ms
2026-09-22 01:05:53.401 +08:00 [INF] HTTP GET /api/members responded 400 in 0.6628 ms
2026-09-22 01:05:53.493 +08:00 [INF] HTTP GET /api/members responded 400 in 0.4825 ms
2026-09-22 01:05:53.577 +08:00 [INF] HTTP GET /api/members responded 400 in 0.5879 ms
2026-09-22 01:05:54.616 +08:00 [INF] HTTP GET /api/members responded 400 in 0.7165 ms
2026-09-22 01:05:55.017 +08:00 [INF] HTTP GET /api/members responded 400 in 0.6389 ms
2026-09-22 01:05:55.120 +08:00 [INF] HTTP GET /api/members responded 400 in 0.4969 ms
2026-09-22 01:05:55.286 +08:00 [INF] HTTP GET /api/members responded 400 in 0.4549 ms
2026-09-22 01:05:55.423 +08:00 [INF] HTTP GET /api/members responded 400 in 0.7578 ms
2026-09-22 01:05:56.460 +08:00 [INF] HTTP GET /api/members responded 400 in 0.7553 ms
2026-09-22 01:05:57.067 +08:00 [INF] HTTP GET /api/members responded 400 in 0.5975 ms
2026-09-22 01:05:57.260 +08:00 [INF] HTTP GET /api/members responded 400 in 0.4637 ms
2026-09-22 01:05:57.419 +08:00 [INF] HTTP GET /api/members responded 400 in 0.6875 ms
2026-09-22 01:05:57.591 +08:00 [INF] HTTP GET /api/members responded 400 in 0.5780 ms
2026-09-22 01:05:58.121 +08:00 [INF] HTTP GET /api/members responded 400 in 0.6834 ms
2026-09-22 01:05:58.172 +08:00 [INF] HTTP GET /api/members responded 400 in 0.5612 ms
2026-09-22 01:05:58.392 +08:00 [INF] HTTP GET /api/members responded 400 in 0.5466 ms
2026-09-22 01:05:58.530 +08:00 [INF] HTTP GET /api/members responded 400 in 0.5285 ms
2026-09-22 01:05:58.654 +08:00 [INF] HTTP GET /api/members responded 400 in 0.6971 ms
2026-09-22 01:05:59.674 +08:00 [INF] HTTP GET /api/members responded 400 in 0.4534 ms
2026-09-22 01:06:00.181 +08:00 [INF] HTTP GET /api/members responded 400 in 0.6408 ms
2026-09-22 01:06:00.258 +08:00 [INF] HTTP GET /api/members responded 400 in 0.4882 ms
2026-09-22 01:06:00.340 +08:00 [INF] HTTP GET /api/members responded 400 in 0.5003 ms
2026-09-22 01:06:00.431 +08:00 [INF] HTTP GET /api/members responded 400 in 0.7128 ms
2026-09-22 01:06:00.798 +08:00 [INF] HTTP GET /api/members responded 400 in 0.5294 ms
2026-09-22 01:06:00.962 +08:00 [INF] HTTP GET /api/members responded 400 in 0.7064 ms
2026-09-22 01:06:01.065 +08:00 [INF] HTTP GET /api/members responded 400 in 0.4081 ms
2026-09-22 01:06:01.201 +08:00 [INF] HTTP GET /api/members responded 400 in 0.4234 ms
2026-09-22 01:06:02.237 +08:00 [INF] HTTP GET /api/members responded 400 in 0.7278 ms
2026-09-22 01:06:08.467 +08:00 [INF] HTTP POST /api/auth/sign-out responded 200 in 92.4817 ms
2026-09-22 01:06:12.504 +08:00 [INF] HTTP POST /api/auth/sign-in responded 200 in 288.2914 ms
2026-09-22 01:06:12.595 +08:00 [INF] HTTP GET /api/auth/me responded 200 in 56.4858 ms
2026-09-22 01:06:12.714 +08:00 [INF] HTTP GET /api/membership-applications responded 200 in 60.6819 ms
2026-09-22 01:06:12.718 +08:00 [INF] HTTP GET /api/chapters/1/officers responded 200 in 64.3284 ms
2026-09-22 01:06:20.309 +08:00 [INF] HTTP POST /api/auth/refresh responded 401 in 0.2308 ms
2026-09-22 01:06:20.321 +08:00 [INF] HTTP POST /api/auth/refresh responded 401 in 0.1228 ms
2026-09-22 01:06:23.880 +08:00 [INF] HTTP POST /api/auth/sign-in responded 200 in 357.8944 ms
2026-09-22 01:06:23.976 +08:00 [INF] HTTP GET /api/auth/me responded 200 in 61.1373 ms
2026-09-22 01:06:24.086 +08:00 [INF] HTTP GET /api/chapters/1/announcements responded 200 in 59.8679 ms
2026-09-22 01:06:24.114 +08:00 [INF] HTTP GET /api/chapters/1/ledger/summary responded 200 in 58.7618 ms
2026-09-22 01:06:24.125 +08:00 [INF] HTTP GET /api/conversations responded 200 in 58.8513 ms
2026-09-22 01:06:24.127 +08:00 [INF] HTTP GET /api/chapters/1/meetings responded 200 in 61.0775 ms
2026-09-22 01:06:24.129 +08:00 [INF] HTTP GET /api/membership-applications responded 200 in 63.3496 ms
2026-09-22 01:06:26.584 +08:00 [INF] HTTP GET /api/members responded 200 in 60.3424 ms
2026-09-22 01:08:12.832 +08:00 [INF] HTTP GET /api/membership-applications responded 200 in 62.8510 ms
2026-09-22 01:08:51.405 +08:00 [INF] HTTP POST /api/auth/refresh responded 401 in 0.5909 ms
2026-09-22 01:08:51.405 +08:00 [INF] HTTP POST /api/auth/refresh responded 401 in 0.3314 ms
2026-09-22 01:08:58.557 +08:00 [INF] HTTP POST /api/auth/sign-in responded 200 in 286.4495 ms
2026-09-22 01:08:58.650 +08:00 [INF] HTTP GET /api/auth/me responded 200 in 58.3083 ms
2026-09-22 01:08:58.759 +08:00 [INF] HTTP GET /api/chapters/1/meetings responded 200 in 56.6077 ms
2026-09-22 01:08:58.789 +08:00 [INF] HTTP GET /api/chapters/1/ledger/summary responded 200 in 54.0674 ms
2026-09-22 01:08:58.791 +08:00 [INF] HTTP GET /api/chapters/1/announcements responded 200 in 56.1458 ms
2026-09-22 01:08:58.797 +08:00 [INF] HTTP GET /api/conversations responded 200 in 53.4359 ms
2026-09-22 01:08:58.797 +08:00 [INF] HTTP GET /api/membership-applications responded 200 in 62.1108 ms
2026-09-22 01:09:01.558 +08:00 [INF] HTTP GET /api/members responded 400 in 0.5478 ms
2026-09-22 01:09:02.593 +08:00 [INF] HTTP GET /api/members responded 400 in 0.6101 ms
2026-09-22 01:09:03.903 +08:00 [INF] HTTP GET /api/members responded 400 in 0.4934 ms
2026-09-22 01:09:04.940 +08:00 [INF] HTTP GET /api/members responded 400 in 0.7450 ms
2026-09-22 01:11:06.599 +08:00 [INF] HTTP GET /api/members responded 400 in 0.6672 ms
2026-09-22 01:11:43.735 +08:00 [INF] HTTP GET /api/members responded 200 in 72.5151 ms
2026-09-22 01:12:01.862 +08:00 [INF] HTTP GET /api/members/me responded 200 in 61.8558 ms
2026-09-22 01:12:01.867 +08:00 [INF] HTTP GET /api/blood-types responded 200 in 55.6307 ms
2026-09-22 01:12:01.920 +08:00 [INF] HTTP GET /api/skills responded 200 in 98.8588 ms
2026-09-22 01:12:01.971 +08:00 [INF] HTTP GET /api/notifications/preferences responded 200 in 61.1532 ms
2026-09-22 01:13:59.898 +08:00 [INF] HTTP GET /api/chapters/1/officers responded 200 in 84.5754 ms
2026-09-22 01:14:05.927 +08:00 [INF] HTTP GET /api/members responded 200 in 71.1032 ms
2026-09-22 01:14:13.406 +08:00 [INF] HTTP POST /api/chapters/1/officers responded 200 in 167.9047 ms
2026-09-22 01:14:13.527 +08:00 [INF] HTTP GET /api/chapters/1/officers responded 200 in 94.0753 ms
2026-09-22 01:14:21.899 +08:00 [INF] HTTP GET /api/chapters/1/meetings responded 200 in 58.5867 ms
2026-09-22 01:14:21.926 +08:00 [INF] HTTP GET /api/chapters/1/ledger/summary responded 200 in 53.2069 ms
2026-09-22 01:14:21.928 +08:00 [INF] HTTP GET /api/chapters/1/announcements responded 200 in 55.2634 ms
2026-09-22 01:14:22.282 +08:00 [INF] HTTP GET /api/conversations responded 200 in 408.7349 ms
2026-09-22 01:14:24.143 +08:00 [INF] HTTP GET /api/members responded 200 in 87.6381 ms
2026-09-22 01:14:30.798 +08:00 [INF] HTTP GET /api/members responded 200 in 84.5124 ms
2026-09-22 01:14:45.936 +08:00 [INF] HTTP GET /api/chapters/1/officers responded 200 in 70.2097 ms
2026-09-22 01:15:51.449 +08:00 [INF] HTTP GET /api/chapters/1/meetings responded 200 in 69.9296 ms
2026-09-22 01:15:51.608 +08:00 [INF] HTTP GET /api/chapters/1/ledger/summary responded 200 in 202.5462 ms
2026-09-22 01:15:51.608 +08:00 [INF] HTTP GET /api/conversations responded 200 in 193.2818 ms
2026-09-22 01:15:51.610 +08:00 [INF] HTTP GET /api/chapters/1/announcements responded 200 in 215.5788 ms
2026-09-22 01:15:53.863 +08:00 [INF] HTTP GET /api/members responded 200 in 136.5459 ms
2026-09-22 01:17:25.356 +08:00 [INF] HTTP GET /api/membership-applications responded 200 in 119.9504 ms
2026-09-22 01:17:59.864 +08:00 [INF] HTTP POST /api/auth/refresh responded 401 in 0.0980 ms
2026-09-22 01:17:59.864 +08:00 [INF] HTTP POST /api/auth/refresh responded 401 in 0.0340 ms
2026-09-22 01:18:02.371 +08:00 [INF] HTTP POST /api/auth/sign-in responded 200 in 322.7328 ms
2026-09-22 01:18:02.469 +08:00 [INF] HTTP GET /api/auth/me responded 200 in 63.0089 ms
2026-09-22 01:18:02.584 +08:00 [INF] HTTP GET /api/members responded 200 in 61.3175 ms
2026-09-22 01:18:02.587 +08:00 [INF] HTTP GET /api/membership-applications responded 200 in 63.9748 ms
2026-09-22 01:18:04.698 +08:00 [INF] HTTP GET /api/chapters/1/ledger/summary responded 200 in 56.3714 ms
2026-09-22 01:18:04.703 +08:00 [INF] HTTP GET /api/chapters/1/meetings responded 200 in 76.7038 ms
2026-09-22 01:18:04.722 +08:00 [INF] HTTP GET /api/chapters/1/announcements responded 200 in 59.2973 ms
2026-09-22 01:18:04.725 +08:00 [INF] HTTP GET /api/conversations responded 200 in 61.8588 ms
2026-09-22 01:18:06.589 +08:00 [INF] HTTP POST /api/auth/refresh responded 401 in 0.2236 ms
2026-09-22 01:18:06.601 +08:00 [INF] HTTP POST /api/auth/refresh responded 401 in 0.1677 ms
2026-09-22 01:18:08.775 +08:00 [INF] HTTP POST /api/auth/sign-in responded 200 in 284.5483 ms
2026-09-22 01:18:08.862 +08:00 [INF] HTTP GET /api/auth/me responded 200 in 56.2945 ms
2026-09-22 01:18:08.978 +08:00 [INF] HTTP GET /api/chapters/1/meetings responded 200 in 53.9602 ms
2026-09-22 01:18:08.981 +08:00 [INF] HTTP GET /api/chapters/1/announcements responded 200 in 57.0468 ms
2026-09-22 01:18:09.013 +08:00 [INF] HTTP GET /api/membership-applications responded 200 in 59.3620 ms
2026-09-22 01:18:09.017 +08:00 [INF] HTTP GET /api/conversations responded 200 in 63.3743 ms
2026-09-22 01:18:09.607 +08:00 [INF] HTTP GET /api/chapters/1/ledger/summary responded 200 in 652.8862 ms
2026-09-22 01:18:10.858 +08:00 [INF] HTTP GET /api/chapters/1/officers responded 200 in 84.3845 ms
2026-09-22 01:18:25.937 +08:00 [INF] HTTP GET /api/membership-applications responded 200 in 67.4441 ms
2026-09-22 01:18:30.541 +08:00 [INF] HTTP GET /api/members responded 200 in 161.8726 ms
2026-09-22 01:18:40.845 +08:00 [INF] HTTP POST /api/members/9/block responded 200 in 109.4575 ms
2026-09-22 01:18:45.543 +08:00 [INF] HTTP POST /api/auth/refresh responded 401 in 0.1322 ms
2026-09-22 01:18:45.543 +08:00 [INF] HTTP POST /api/auth/refresh responded 401 in 0.0594 ms
2026-09-22 01:18:47.747 +08:00 [INF] HTTP POST /api/auth/sign-in responded 200 in 395.3893 ms
2026-09-22 01:18:47.847 +08:00 [INF] HTTP GET /api/auth/me responded 200 in 63.8332 ms
2026-09-22 01:18:47.958 +08:00 [INF] HTTP GET /api/members responded 200 in 70.7633 ms
2026-09-22 01:18:47.963 +08:00 [INF] HTTP GET /api/membership-applications responded 200 in 63.3472 ms
2026-09-22 01:18:54.480 +08:00 [INF] HTTP GET /api/members/me responded 200 in 69.1751 ms
2026-09-22 01:18:54.490 +08:00 [INF] HTTP GET /api/blood-types responded 200 in 55.7729 ms
2026-09-22 01:18:54.498 +08:00 [INF] HTTP GET /api/skills responded 200 in 63.7515 ms
2026-09-22 01:18:54.588 +08:00 [INF] HTTP GET /api/notifications/preferences responded 200 in 62.4072 ms
2026-09-22 01:20:35.614 +08:00 [INF] HTTP GET /api/members responded 200 in 56.2645 ms
2026-09-22 01:22:32.336 +08:00 [INF] Application is shutting down...
2026-09-22 01:22:32.336 +08:00 [DBG] Hosting stopping
2026-09-22 01:22:32.342 +08:00 [DBG] Hosting stopped
2026-09-22 15:42:59.828 +08:00 [DBG] Hosting starting
2026-09-22 15:43:00.191 +08:00 [WRN] The ASP.NET Core developer certificate is not trusted. For information about trusting the ASP.NET Core developer certificate, see https://aka.ms/aspnet/https-trust-dev-cert.
2026-09-22 15:43:00.196 +08:00 [INF] Now listening on: https://localhost:5443
2026-09-22 15:43:00.196 +08:00 [INF] Now listening on: http://localhost:5080
2026-09-22 15:43:00.197 +08:00 [INF] Application started. Press Ctrl+C to shut down.
2026-09-22 15:43:00.197 +08:00 [INF] Hosting environment: Development
2026-09-22 15:43:00.197 +08:00 [INF] Content root path: /Users/eulzavancena/Documents/PROJECTS/AIS/src/Akrho.Api
2026-09-22 15:43:00.197 +08:00 [DBG] Hosting started
2026-09-22 15:43:19.532 +08:00 [INF] HTTP POST /api/auth/refresh responded 401 in 21.3775 ms
2026-09-22 15:43:19.532 +08:00 [INF] HTTP POST /api/auth/refresh responded 401 in 21.3717 ms
2026-09-22 15:43:19.684 +08:00 [INF] HTTP POST /api/auth/refresh responded 401 in 1.2648 ms
2026-09-22 15:43:19.684 +08:00 [INF] HTTP POST /api/auth/refresh responded 401 in 1.2648 ms
2026-09-22 15:43:23.136 +08:00 [INF] HTTP POST /api/auth/sign-in responded 200 in 918.7676 ms
2026-09-22 15:43:23.243 +08:00 [INF] HTTP GET /api/auth/me responded 200 in 83.7835 ms
2026-09-22 15:43:23.463 +08:00 [INF] HTTP GET /api/chapters/1/meetings responded 200 in 79.8790 ms
2026-09-22 15:43:23.825 +08:00 [INF] HTTP GET /api/chapters/1/ledger/summary responded 200 in 412.0493 ms
2026-09-22 15:43:23.825 +08:00 [INF] HTTP GET /api/conversations responded 200 in 413.2346 ms
2026-09-22 15:43:24.408 +08:00 [INF] HTTP GET /api/chapters/1/announcements responded 200 in 995.2698 ms
2026-09-22 15:43:24.423 +08:00 [INF] HTTP GET /api/membership-applications responded 200 in 1002.0609 ms
2026-09-22 15:43:28.798 +08:00 [INF] HTTP POST /api/auth/refresh responded 401 in 0.4981 ms
2026-09-22 15:43:28.812 +08:00 [INF] HTTP POST /api/auth/refresh responded 401 in 0.4466 ms
2026-09-22 15:43:30.114 +08:00 [INF] HTTP POST /api/auth/refresh responded 401 in 0.3631 ms
2026-09-22 15:43:30.114 +08:00 [INF] HTTP POST /api/auth/refresh responded 401 in 0.3643 ms
2026-09-22 15:43:32.617 +08:00 [INF] HTTP POST /api/auth/sign-in responded 200 in 312.5449 ms
2026-09-22 15:43:32.705 +08:00 [INF] HTTP GET /api/auth/me responded 200 in 55.0678 ms
2026-09-22 15:43:35.601 +08:00 [INF] HTTP GET /api/councils/statistics responded 200 in 171.0431 ms
2026-09-22 15:43:43.387 +08:00 [INF] HTTP GET /api/councils responded 200 in 124.7194 ms
2026-09-22 15:43:46.827 +08:00 [INF] HTTP GET /api/chapter-registrations responded 200 in 127.4210 ms
2026-09-22 15:44:10.156 +08:00 [INF] HTTP GET /api/membership-applications responded 200 in 74.7588 ms
2026-09-22 15:44:10.166 +08:00 [INF] HTTP GET /api/members responded 200 in 84.2018 ms
2026-09-22 15:44:13.389 +08:00 [INF] HTTP GET /api/chapters/1/meetings responded 200 in 52.8692 ms
2026-09-22 15:44:13.414 +08:00 [INF] HTTP GET /api/conversations responded 200 in 57.2146 ms
2026-09-22 15:44:13.414 +08:00 [INF] HTTP GET /api/chapters/1/announcements responded 200 in 67.4980 ms
2026-09-22 15:44:14.032 +08:00 [INF] HTTP GET /api/chapters/1/ledger/summary responded 200 in 666.4362 ms
2026-09-22 15:44:17.962 +08:00 [INF] HTTP GET /api/councils/statistics responded 200 in 100.6235 ms
2026-09-22 15:44:20.925 +08:00 [INF] HTTP GET /api/councils responded 200 in 133.3750 ms
2026-09-22 15:44:25.247 +08:00 [INF] HTTP GET /api/councils/19/statistics responded 200 in 151.4785 ms
2026-09-22 15:44:27.876 +08:00 [INF] HTTP GET /api/councils/20/statistics responded 200 in 109.9835 ms
2026-09-22 15:44:30.700 +08:00 [INF] HTTP GET /api/councils/23/statistics responded 200 in 96.0188 ms
2026-09-22 15:44:36.170 +08:00 [INF] HTTP POST /api/auth/refresh responded 401 in 0.4620 ms
2026-09-22 15:44:36.181 +08:00 [INF] HTTP POST /api/auth/refresh responded 401 in 0.2429 ms
2026-09-22 15:44:38.594 +08:00 [INF] HTTP POST /api/auth/sign-in responded 200 in 332.0394 ms
2026-09-22 15:44:38.681 +08:00 [INF] HTTP GET /api/auth/me responded 200 in 54.4646 ms
2026-09-22 15:44:38.843 +08:00 [INF] HTTP GET /api/councils/statistics responded 200 in 126.0615 ms
2026-09-22 15:45:24.251 +08:00 [INF] Application is shutting down...
2026-09-22 15:45:24.252 +08:00 [DBG] Hosting stopping
2026-09-22 15:45:24.260 +08:00 [DBG] Hosting stopped
2026-09-22 15:47:57.136 +08:00 [DBG] Hosting starting
2026-09-22 15:47:57.448 +08:00 [WRN] The ASP.NET Core developer certificate is not trusted. For information about trusting the ASP.NET Core developer certificate, see https://aka.ms/aspnet/https-trust-dev-cert.
2026-09-22 15:47:57.455 +08:00 [INF] Now listening on: https://localhost:5443
2026-09-22 15:47:57.456 +08:00 [INF] Now listening on: http://localhost:5080
2026-09-22 15:47:57.456 +08:00 [INF] Application started. Press Ctrl+C to shut down.
2026-09-22 15:47:57.456 +08:00 [INF] Hosting environment: Development
2026-09-22 15:47:57.456 +08:00 [INF] Content root path: /Users/eulzavancena/Documents/PROJECTS/AIS/src/Akrho.Api
2026-09-22 15:47:57.458 +08:00 [DBG] Hosting started
2026-09-22 15:48:07.393 +08:00 [INF] HTTP POST /api/auth/refresh responded 401 in 17.4246 ms
2026-09-22 15:48:07.393 +08:00 [INF] HTTP POST /api/auth/refresh responded 401 in 17.4208 ms
2026-09-22 15:48:10.677 +08:00 [INF] HTTP POST /api/auth/sign-in responded 200 in 781.8500 ms
2026-09-22 15:48:10.798 +08:00 [INF] HTTP GET /api/auth/me responded 200 in 89.3074 ms
2026-09-22 15:48:11.033 +08:00 [INF] HTTP GET /api/councils/statistics responded 200 in 192.6262 ms
2026-09-22 15:48:33.957 +08:00 [INF] HTTP GET /api/members/search-jurisdiction responded 200 in 133.4170 ms
2026-09-22 15:55:17.027 +08:00 [INF] HTTP POST /api/auth/refresh responded 401 in 2.2016 ms
2026-09-22 15:55:17.027 +08:00 [INF] HTTP POST /api/auth/refresh responded 401 in 2.1996 ms
2026-09-22 15:55:20.013 +08:00 [INF] HTTP POST /api/auth/sign-in responded 200 in 1011.9396 ms
2026-09-22 15:55:20.100 +08:00 [INF] HTTP GET /api/auth/me responded 200 in 57.4375 ms
2026-09-22 15:55:22.735 +08:00 [INF] HTTP GET /api/members/search-jurisdiction responded 200 in 64.0942 ms
2026-09-22 15:55:30.932 +08:00 [INF] HTTP GET /api/members/841 responded 404 in 0.7876 ms
2026-09-22 15:55:34.011 +08:00 [INF] HTTP GET /api/members/841 responded 404 in 0.7125 ms
2026-09-22 15:55:35.900 +08:00 [INF] HTTP GET /api/members/841 responded 404 in 0.4673 ms
2026-09-22 15:55:36.713 +08:00 [INF] HTTP GET /api/members/841 responded 404 in 0.6543 ms
2026-09-22 15:56:07.241 +08:00 [INF] Application is shutting down...
2026-09-22 15:56:07.241 +08:00 [DBG] Hosting stopping
2026-09-22 15:56:07.249 +08:00 [DBG] Hosting stopped
2026-09-22 15:56:10.337 +08:00 [DBG] Hosting starting
2026-09-22 15:56:10.654 +08:00 [WRN] The ASP.NET Core developer certificate is not trusted. For information about trusting the ASP.NET Core developer certificate, see https://aka.ms/aspnet/https-trust-dev-cert.
2026-09-22 15:56:10.659 +08:00 [INF] Now listening on: https://localhost:5443
2026-09-22 15:56:10.659 +08:00 [INF] Now listening on: http://localhost:5080
2026-09-22 15:56:10.659 +08:00 [INF] Application started. Press Ctrl+C to shut down.
2026-09-22 15:56:10.659 +08:00 [INF] Hosting environment: Development
2026-09-22 15:56:10.659 +08:00 [INF] Content root path: /Users/eulzavancena/Documents/PROJECTS/AIS/src/Akrho.Api
2026-09-22 15:56:10.659 +08:00 [DBG] Hosting started
2026-09-22 15:56:15.886 +08:00 [INF] HTTP POST /api/auth/refresh responded 401 in 13.1330 ms
2026-09-22 15:56:15.886 +08:00 [INF] HTTP POST /api/auth/refresh responded 401 in 13.1270 ms
2026-09-22 15:56:18.425 +08:00 [INF] HTTP POST /api/auth/sign-in responded 200 in 791.5956 ms
2026-09-22 15:56:18.525 +08:00 [INF] HTTP GET /api/auth/me responded 200 in 74.6856 ms
2026-09-22 15:56:21.770 +08:00 [INF] HTTP GET /api/members/search-jurisdiction responded 200 in 109.0862 ms
2026-09-22 15:56:23.059 +08:00 [INF] HTTP GET /api/members/1105 responded 200 in 85.2544 ms
2026-09-22 15:56:32.850 +08:00 [INF] HTTP GET /api/members/841 responded 200 in 190.7918 ms
2026-09-22 16:05:06.533 +08:00 [INF] Application is shutting down...
2026-09-22 16:05:06.533 +08:00 [DBG] Hosting stopping
2026-09-22 16:05:06.541 +08:00 [DBG] Hosting stopped
2026-09-22 16:05:10.067 +08:00 [DBG] Hosting starting
2026-09-22 16:05:10.356 +08:00 [WRN] The ASP.NET Core developer certificate is not trusted. For information about trusting the ASP.NET Core developer certificate, see https://aka.ms/aspnet/https-trust-dev-cert.
2026-09-22 16:05:10.361 +08:00 [INF] Now listening on: https://localhost:5443
2026-09-22 16:05:10.361 +08:00 [INF] Now listening on: http://localhost:5080
2026-09-22 16:05:10.361 +08:00 [INF] Application started. Press Ctrl+C to shut down.
2026-09-22 16:05:10.361 +08:00 [INF] Hosting environment: Development
2026-09-22 16:05:10.361 +08:00 [INF] Content root path: /Users/eulzavancena/Documents/PROJECTS/AIS/src/Akrho.Api
2026-09-22 16:05:10.362 +08:00 [DBG] Hosting started
2026-09-22 16:05:16.871 +08:00 [INF] HTTP GET /api/members/search-jurisdiction responded 200 in 519.4494 ms
2026-09-22 16:05:17.142 +08:00 [INF] HTTP GET /api/members/841 responded 200 in 790.5745 ms
2026-09-22 16:05:35.517 +08:00 [INF] HTTP GET /api/members/search-jurisdiction responded 200 in 88.2238 ms
2026-09-22 16:05:38.097 +08:00 [INF] HTTP GET /api/members/1476 responded 200 in 58.6692 ms
2026-09-22 16:05:57.240 +08:00 [INF] HTTP GET /api/members/search-jurisdiction responded 200 in 58.6865 ms
2026-09-22 16:06:01.962 +08:00 [INF] HTTP GET /api/chapter-registrations responded 200 in 212.7255 ms
2026-09-22 16:06:07.545 +08:00 [INF] HTTP GET /api/chapters responded 200 in 4349.7655 ms
2026-09-22 16:06:07.619 +08:00 [INF] HTTP GET /api/councils/statistics responded 200 in 3825.8803 ms
2026-09-22 16:06:11.347 +08:00 [INF] HTTP GET /api/members responded 200 in 67.9355 ms
2026-09-22 16:06:11.350 +08:00 [INF] HTTP GET /api/membership-applications responded 200 in 59.8177 ms
2026-09-22 16:06:25.073 +08:00 [INF] HTTP GET /api/members responded 200 in 81.0741 ms
2026-09-22 16:06:28.092 +08:00 [INF] HTTP GET /api/chapters/1/meetings responded 200 in 64.5814 ms
2026-09-22 16:06:30.689 +08:00 [INF] HTTP GET /api/chapters/1/meetings responded 200 in 53.9146 ms
2026-09-22 16:06:30.720 +08:00 [INF] HTTP GET /api/chapters/1/ledger/summary responded 200 in 60.4365 ms
2026-09-22 16:06:31.022 +08:00 [INF] HTTP GET /api/conversations responded 200 in 353.5434 ms
2026-09-22 16:06:31.022 +08:00 [INF] HTTP GET /api/chapters/1/announcements responded 200 in 363.5071 ms
2026-09-22 16:06:41.905 +08:00 [INF] HTTP GET /api/councils/statistics responded 200 in 105.7677 ms
2026-09-22 16:22:51.221 +08:00 [INF] HTTP GET /api/councils/statistics responded 401 in 4.1870 ms
2026-09-22 16:22:51.269 +08:00 [INF] HTTP POST /api/auth/refresh responded 401 in 3.0438 ms
2026-09-22 16:22:51.626 +08:00 [INF] HTTP POST /api/auth/refresh responded 401 in 0.2708 ms
2026-09-22 16:22:51.626 +08:00 [INF] HTTP POST /api/auth/refresh responded 401 in 0.2828 ms
2026-09-22 16:22:56.652 +08:00 [ERR] HTTP POST /api/auth/sign-in responded 500 in 543.9512 ms
System.InvalidOperationException: A parameterless default constructor or one matching signature (System.Int32 AccountId, System.String PasswordHash, System.Int32 FailedAttempts, System.DateTime LockedUntil, System.Boolean IsDisabled, System.Int32 MemberId, System.Int32 ChapterId, System.Boolean IsChapterOnHold) is required for Akrho.Infrastructure.Repositories.SignInAccountRow materialization
   at Dapper.SqlMapper.GenerateDeserializerFromMap(Type type, DbDataReader reader, Int32 startBound, Int32 length, Boolean returnNullIfFirstMissing, ILGenerator il) in /_/Dapper/SqlMapper.cs:line 3473
   at Dapper.SqlMapper.GetTypeDeserializerImpl(Type type, DbDataReader reader, Int32 startBound, Int32 length, Boolean returnNullIfFirstMissing) in /_/Dapper/SqlMapper.cs:line 3304
   at Dapper.SqlMapper.TypeDeserializerCache.GetReader(DbDataReader reader, Int32 startBound, Int32 length, Boolean returnNullIfFirstMissing) in /_/Dapper/SqlMapper.TypeDeserializerCache.cs:line 151
   at Dapper.SqlMapper.TypeDeserializerCache.GetReader(Type type, DbDataReader reader, Int32 startBound, Int32 length, Boolean returnNullIfFirstMissing) in /_/Dapper/SqlMapper.TypeDeserializerCache.cs:line 50
   at Dapper.SqlMapper.GetTypeDeserializer(Type type, DbDataReader reader, Int32 startBound, Int32 length, Boolean returnNullIfFirstMissing) in /_/Dapper/SqlMapper.cs:line 3258
   at Dapper.SqlMapper.GetDeserializer(Type type, DbDataReader reader, Int32 startBound, Int32 length, Boolean returnNullIfFirstMissing) in /_/Dapper/SqlMapper.cs:line 1945
   at Dapper.SqlMapper.QueryRowAsync[T](IDbConnection cnn, Row row, Type effectiveType, CommandDefinition command) in /_/Dapper/SqlMapper.Async.cs:line 496
   at Akrho.Infrastructure.Repositories.AuthRepository.GetAccountForSignInAsync(String identifier, CancellationToken ct)
   at Akrho.Api.Features.Auth.AuthEndpoints.SignIn(SignInRequest req, HttpContext http, IAuthRepository repo, IPasswordHasherService hasher, IAccessTokenService tokens, IValidator`1 validator, CancellationToken ct)
   at Microsoft.AspNetCore.Http.RequestDelegateFactory.ExecuteTaskResult[T](Task`1 task, HttpContext httpContext)
   at Microsoft.AspNetCore.Http.RequestDelegateFactory.<>c__DisplayClass102_2.<<HandleRequestBodyAndCompileRequestDelegateForJson>b__2>d.MoveNext()
--- End of stack trace from previous location ---
   at Microsoft.AspNetCore.Authorization.AuthorizationMiddleware.Invoke(HttpContext context)
   at Microsoft.AspNetCore.Authentication.AuthenticationMiddleware.Invoke(HttpContext context)
   at Microsoft.AspNetCore.RateLimiting.RateLimitingMiddleware.InvokeInternal(HttpContext context, EnableRateLimitingAttribute enableRateLimitingAttribute)
   at Swashbuckle.AspNetCore.SwaggerUI.SwaggerUIMiddleware.Invoke(HttpContext httpContext)
   at Swashbuckle.AspNetCore.Swagger.SwaggerMiddleware.Invoke(HttpContext httpContext, ISwaggerProvider swaggerProvider)
   at Serilog.AspNetCore.RequestLoggingMiddleware.Invoke(HttpContext httpContext)
2026-09-22 16:22:56.704 +08:00 [ERR] An unhandled exception has occurred while executing the request.
System.InvalidOperationException: A parameterless default constructor or one matching signature (System.Int32 AccountId, System.String PasswordHash, System.Int32 FailedAttempts, System.DateTime LockedUntil, System.Boolean IsDisabled, System.Int32 MemberId, System.Int32 ChapterId, System.Boolean IsChapterOnHold) is required for Akrho.Infrastructure.Repositories.SignInAccountRow materialization
   at Dapper.SqlMapper.GenerateDeserializerFromMap(Type type, DbDataReader reader, Int32 startBound, Int32 length, Boolean returnNullIfFirstMissing, ILGenerator il) in /_/Dapper/SqlMapper.cs:line 3473
   at Dapper.SqlMapper.GetTypeDeserializerImpl(Type type, DbDataReader reader, Int32 startBound, Int32 length, Boolean returnNullIfFirstMissing) in /_/Dapper/SqlMapper.cs:line 3304
   at Dapper.SqlMapper.TypeDeserializerCache.GetReader(DbDataReader reader, Int32 startBound, Int32 length, Boolean returnNullIfFirstMissing) in /_/Dapper/SqlMapper.TypeDeserializerCache.cs:line 151
   at Dapper.SqlMapper.TypeDeserializerCache.GetReader(Type type, DbDataReader reader, Int32 startBound, Int32 length, Boolean returnNullIfFirstMissing) in /_/Dapper/SqlMapper.TypeDeserializerCache.cs:line 50
   at Dapper.SqlMapper.GetTypeDeserializer(Type type, DbDataReader reader, Int32 startBound, Int32 length, Boolean returnNullIfFirstMissing) in /_/Dapper/SqlMapper.cs:line 3258
   at Dapper.SqlMapper.GetDeserializer(Type type, DbDataReader reader, Int32 startBound, Int32 length, Boolean returnNullIfFirstMissing) in /_/Dapper/SqlMapper.cs:line 1945
   at Dapper.SqlMapper.QueryRowAsync[T](IDbConnection cnn, Row row, Type effectiveType, CommandDefinition command) in /_/Dapper/SqlMapper.Async.cs:line 496
   at Akrho.Infrastructure.Repositories.AuthRepository.GetAccountForSignInAsync(String identifier, CancellationToken ct)
   at Akrho.Api.Features.Auth.AuthEndpoints.SignIn(SignInRequest req, HttpContext http, IAuthRepository repo, IPasswordHasherService hasher, IAccessTokenService tokens, IValidator`1 validator, CancellationToken ct)
   at Microsoft.AspNetCore.Http.RequestDelegateFactory.ExecuteTaskResult[T](Task`1 task, HttpContext httpContext)
   at Microsoft.AspNetCore.Http.RequestDelegateFactory.<>c__DisplayClass102_2.<<HandleRequestBodyAndCompileRequestDelegateForJson>b__2>d.MoveNext()
--- End of stack trace from previous location ---
   at Microsoft.AspNetCore.Authorization.AuthorizationMiddleware.Invoke(HttpContext context)
   at Microsoft.AspNetCore.Authentication.AuthenticationMiddleware.Invoke(HttpContext context)
   at Microsoft.AspNetCore.RateLimiting.RateLimitingMiddleware.InvokeInternal(HttpContext context, EnableRateLimitingAttribute enableRateLimitingAttribute)
   at Swashbuckle.AspNetCore.SwaggerUI.SwaggerUIMiddleware.Invoke(HttpContext httpContext)
   at Swashbuckle.AspNetCore.Swagger.SwaggerMiddleware.Invoke(HttpContext httpContext, ISwaggerProvider swaggerProvider)
   at Serilog.AspNetCore.RequestLoggingMiddleware.Invoke(HttpContext httpContext)
   at Microsoft.AspNetCore.Diagnostics.ExceptionHandlerMiddlewareImpl.<Invoke>g__Awaited|10_0(ExceptionHandlerMiddlewareImpl middleware, HttpContext context, Task task)
2026-09-22 16:22:56.707 +08:00 [ERR] Unhandled error on /api/auth/sign-in
System.InvalidOperationException: A parameterless default constructor or one matching signature (System.Int32 AccountId, System.String PasswordHash, System.Int32 FailedAttempts, System.DateTime LockedUntil, System.Boolean IsDisabled, System.Int32 MemberId, System.Int32 ChapterId, System.Boolean IsChapterOnHold) is required for Akrho.Infrastructure.Repositories.SignInAccountRow materialization
   at Dapper.SqlMapper.GenerateDeserializerFromMap(Type type, DbDataReader reader, Int32 startBound, Int32 length, Boolean returnNullIfFirstMissing, ILGenerator il) in /_/Dapper/SqlMapper.cs:line 3473
   at Dapper.SqlMapper.GetTypeDeserializerImpl(Type type, DbDataReader reader, Int32 startBound, Int32 length, Boolean returnNullIfFirstMissing) in /_/Dapper/SqlMapper.cs:line 3304
   at Dapper.SqlMapper.TypeDeserializerCache.GetReader(DbDataReader reader, Int32 startBound, Int32 length, Boolean returnNullIfFirstMissing) in /_/Dapper/SqlMapper.TypeDeserializerCache.cs:line 151
   at Dapper.SqlMapper.TypeDeserializerCache.GetReader(Type type, DbDataReader reader, Int32 startBound, Int32 length, Boolean returnNullIfFirstMissing) in /_/Dapper/SqlMapper.TypeDeserializerCache.cs:line 50
   at Dapper.SqlMapper.GetTypeDeserializer(Type type, DbDataReader reader, Int32 startBound, Int32 length, Boolean returnNullIfFirstMissing) in /_/Dapper/SqlMapper.cs:line 3258
   at Dapper.SqlMapper.GetDeserializer(Type type, DbDataReader reader, Int32 startBound, Int32 length, Boolean returnNullIfFirstMissing) in /_/Dapper/SqlMapper.cs:line 1945
   at Dapper.SqlMapper.QueryRowAsync[T](IDbConnection cnn, Row row, Type effectiveType, CommandDefinition command) in /_/Dapper/SqlMapper.Async.cs:line 496
   at Akrho.Infrastructure.Repositories.AuthRepository.GetAccountForSignInAsync(String identifier, CancellationToken ct)
   at Akrho.Api.Features.Auth.AuthEndpoints.SignIn(SignInRequest req, HttpContext http, IAuthRepository repo, IPasswordHasherService hasher, IAccessTokenService tokens, IValidator`1 validator, CancellationToken ct)
   at Microsoft.AspNetCore.Http.RequestDelegateFactory.ExecuteTaskResult[T](Task`1 task, HttpContext httpContext)
   at Microsoft.AspNetCore.Http.RequestDelegateFactory.<>c__DisplayClass102_2.<<HandleRequestBodyAndCompileRequestDelegateForJson>b__2>d.MoveNext()
--- End of stack trace from previous location ---
   at Microsoft.AspNetCore.Authorization.AuthorizationMiddleware.Invoke(HttpContext context)
   at Microsoft.AspNetCore.Authentication.AuthenticationMiddleware.Invoke(HttpContext context)
   at Microsoft.AspNetCore.RateLimiting.RateLimitingMiddleware.InvokeInternal(HttpContext context, EnableRateLimitingAttribute enableRateLimitingAttribute)
   at Swashbuckle.AspNetCore.SwaggerUI.SwaggerUIMiddleware.Invoke(HttpContext httpContext)
   at Swashbuckle.AspNetCore.Swagger.SwaggerMiddleware.Invoke(HttpContext httpContext, ISwaggerProvider swaggerProvider)
   at Serilog.AspNetCore.RequestLoggingMiddleware.Invoke(HttpContext httpContext)
   at Microsoft.AspNetCore.Diagnostics.ExceptionHandlerMiddlewareImpl.<Invoke>g__Awaited|10_0(ExceptionHandlerMiddlewareImpl middleware, HttpContext context, Task task)
2026-09-22 16:23:12.401 +08:00 [INF] Application is shutting down...
2026-09-22 16:23:12.402 +08:00 [DBG] Hosting stopping
2026-09-22 16:23:12.409 +08:00 [DBG] Hosting stopped
2026-09-22 16:23:15.570 +08:00 [DBG] Hosting starting
2026-09-22 16:23:15.899 +08:00 [WRN] The ASP.NET Core developer certificate is not trusted. For information about trusting the ASP.NET Core developer certificate, see https://aka.ms/aspnet/https-trust-dev-cert.
2026-09-22 16:23:15.904 +08:00 [INF] Now listening on: https://localhost:5443
2026-09-22 16:23:15.905 +08:00 [INF] Now listening on: http://localhost:5080
2026-09-22 16:23:15.905 +08:00 [INF] Application started. Press Ctrl+C to shut down.
2026-09-22 16:23:15.905 +08:00 [INF] Hosting environment: Development
2026-09-22 16:23:15.905 +08:00 [INF] Content root path: /Users/eulzavancena/Documents/PROJECTS/AIS/src/Akrho.Api
2026-09-22 16:23:15.905 +08:00 [DBG] Hosting started
2026-09-22 16:23:29.578 +08:00 [INF] HTTP POST /api/auth/refresh responded 401 in 16.7625 ms
2026-09-22 16:23:29.578 +08:00 [INF] HTTP POST /api/auth/refresh responded 401 in 16.7669 ms
2026-09-22 16:23:32.819 +08:00 [INF] HTTP POST /api/auth/sign-in responded 200 in 1223.7973 ms
2026-09-22 16:23:32.942 +08:00 [INF] HTTP GET /api/auth/me responded 200 in 91.8817 ms
2026-09-22 16:23:33.402 +08:00 [INF] HTTP GET /api/councils/statistics responded 200 in 418.3440 ms
2026-09-22 16:23:42.327 +08:00 [INF] HTTP GET /api/chapters/search-jurisdiction responded 200 in 251.8906 ms
2026-09-22 16:23:49.846 +08:00 [INF] HTTP GET /api/chapters/search-jurisdiction responded 200 in 66.7642 ms
2026-09-22 16:24:02.627 +08:00 [INF] HTTP POST /api/chapters/258/hold responded 200 in 70.0628 ms
2026-09-22 16:24:02.723 +08:00 [INF] HTTP GET /api/chapters/search-jurisdiction responded 200 in 59.2472 ms
2026-09-22 16:24:11.078 +08:00 [INF] HTTP GET /api/chapter-registrations responded 200 in 138.5465 ms
2026-09-22 16:24:19.364 +08:00 [INF] HTTP GET /api/chapter-registrations/138 responded 200 in 169.3072 ms
2026-09-22 16:25:00.410 +08:00 [INF] HTTP GET /api/chapter-registrations responded 200 in 399.8853 ms
2026-09-22 16:25:06.520 +08:00 [INF] HTTP GET /api/councils/statistics responded 200 in 121.6139 ms
2026-09-22 16:25:11.593 +08:00 [INF] HTTP GET /api/councils/19/statistics responded 200 in 93.9641 ms
2026-09-22 16:33:52.132 +08:00 [INF] HTTP GET /api/members responded 200 in 492.6921 ms
2026-09-22 16:33:52.350 +08:00 [INF] HTTP GET /api/membership-applications responded 200 in 699.9402 ms
2026-09-22 16:33:58.468 +08:00 [INF] HTTP GET /api/chapters/1/meetings responded 200 in 72.4365 ms
2026-09-22 16:33:58.486 +08:00 [INF] HTTP GET /api/chapters/1/announcements responded 200 in 60.3335 ms
2026-09-22 16:33:59.177 +08:00 [INF] HTTP GET /api/conversations responded 200 in 750.8170 ms
2026-09-22 16:33:59.177 +08:00 [INF] HTTP GET /api/chapters/1/ledger/summary responded 200 in 750.5873 ms
2026-09-22 16:34:02.793 +08:00 [INF] HTTP POST /api/auth/sign-out responded 200 in 445.2985 ms
2026-09-22 16:47:45.505 +08:00 [INF] HTTP POST /api/auth/sign-in responded 200 in 753.1069 ms
2026-09-22 16:47:45.592 +08:00 [INF] HTTP GET /api/auth/me responded 200 in 56.7254 ms
2026-09-22 16:47:45.714 +08:00 [INF] HTTP GET /api/chapters/1/meetings responded 200 in 55.7717 ms
2026-09-22 16:47:46.301 +08:00 [INF] HTTP GET /api/chapters/1/announcements responded 200 in 631.4508 ms
2026-09-22 16:47:46.306 +08:00 [INF] HTTP GET /api/chapters/1/ledger/summary responded 200 in 616.9782 ms
2026-09-22 16:47:46.588 +08:00 [INF] HTTP GET /api/membership-applications responded 200 in 899.2754 ms
2026-09-22 16:47:46.588 +08:00 [INF] HTTP GET /api/conversations responded 200 in 889.5935 ms
2026-09-22 16:47:50.709 +08:00 [INF] HTTP POST /api/auth/refresh responded 401 in 0.2870 ms
2026-09-22 16:47:50.709 +08:00 [INF] HTTP POST /api/auth/refresh responded 401 in 0.7173 ms
2026-09-22 16:47:51.544 +08:00 [INF] HTTP POST /api/auth/refresh responded 401 in 0.1555 ms
2026-09-22 16:47:51.544 +08:00 [INF] HTTP POST /api/auth/refresh responded 401 in 0.1229 ms
2026-09-22 16:47:53.630 +08:00 [INF] HTTP POST /api/auth/sign-in responded 200 in 289.5211 ms
2026-09-22 16:47:53.717 +08:00 [INF] HTTP GET /api/auth/me responded 200 in 56.0252 ms
2026-09-22 16:47:53.926 +08:00 [INF] HTTP GET /api/councils/statistics responded 200 in 164.5268 ms
2026-09-22 16:48:06.016 +08:00 [INF] HTTP GET /api/councils/19/statistics responded 200 in 157.8219 ms
2026-09-22 16:48:09.362 +08:00 [INF] HTTP GET /api/councils/20/statistics responded 200 in 106.7186 ms
2026-09-22 16:48:17.263 +08:00 [INF] HTTP GET /api/members/search-jurisdiction responded 200 in 195.5090 ms
2026-09-22 16:48:22.453 +08:00 [INF] HTTP GET /api/members/849 responded 200 in 381.3590 ms
2026-09-22 16:48:35.944 +08:00 [INF] HTTP GET /api/councils responded 200 in 165.9375 ms
2026-09-22 16:48:37.910 +08:00 [INF] HTTP GET /api/chapter-registrations responded 200 in 64.9644 ms
2026-09-22 16:48:42.319 +08:00 [INF] HTTP GET /api/councils/statistics responded 200 in 84.4419 ms
2026-09-22 16:48:49.231 +08:00 [INF] HTTP GET /api/councils/19/statistics responded 200 in 124.5849 ms
2026-09-22 16:48:51.037 +08:00 [INF] HTTP GET /api/councils/20/statistics responded 200 in 83.4471 ms
2026-09-22 16:48:52.146 +08:00 [INF] HTTP GET /api/councils/23/statistics responded 200 in 149.2721 ms
2026-09-22 16:48:55.165 +08:00 [INF] HTTP GET /api/members responded 200 in 69.1711 ms
2026-09-22 16:48:55.165 +08:00 [INF] HTTP GET /api/membership-applications responded 200 in 69.0035 ms
2026-09-22 16:49:10.743 +08:00 [INF] HTTP POST /api/members/849/reset-password responded 200 in 215.5829 ms
2026-09-22 16:51:18.220 +08:00 [INF] HTTP POST /api/auth/sign-out responded 200 in 91.0559 ms
2026-09-22 17:37:48.206 +08:00 [INF] HTTP POST /api/auth/sign-in responded 200 in 10936.2754 ms
2026-09-22 17:37:48.863 +08:00 [INF] HTTP GET /api/auth/me responded 200 in 624.0023 ms
2026-09-22 17:37:49.454 +08:00 [INF] HTTP GET /api/membership-applications responded 200 in 464.4869 ms
2026-09-22 17:37:50.242 +08:00 [INF] HTTP GET /api/members responded 200 in 1252.1650 ms
