2026-09-21 00:01:08.655 +08:00 [DBG] Hosting starting
2026-09-21 00:01:42.687 +08:00 [DBG] Hosting starting
2026-09-21 00:01:43.148 +08:00 [INF] Now listening on: http://localhost:5099
2026-09-21 00:01:43.149 +08:00 [INF] Application started. Press Ctrl+C to shut down.
2026-09-21 00:01:43.149 +08:00 [INF] Hosting environment: Development
2026-09-21 00:01:43.149 +08:00 [INF] Content root path: D:\MYGDRIVE\PROJECTS\AIS\src\Akrho.Api
2026-09-21 00:01:43.150 +08:00 [DBG] Hosting started
2026-09-21 00:03:01.518 +08:00 [WRN] Failed to determine the https port for redirect.
2026-09-21 00:03:02.383 +08:00 [INF] HTTP GET /api/councils/statistics responded 403 in 885.6698 ms
2026-09-21 00:05:17.512 +08:00 [INF] HTTP GET /api/councils/statistics responded 200 in 595.6138 ms
2026-09-21 00:07:28.518 +08:00 [DBG] Hosting starting
2026-09-21 00:07:28.929 +08:00 [INF] Now listening on: http://localhost:5099
2026-09-21 00:07:28.930 +08:00 [INF] Application started. Press Ctrl+C to shut down.
2026-09-21 00:07:28.931 +08:00 [INF] Hosting environment: Development
2026-09-21 00:07:28.931 +08:00 [INF] Content root path: D:\MYGDRIVE\PROJECTS\AIS\src\Akrho.Api
2026-09-21 00:07:28.931 +08:00 [DBG] Hosting started
2026-09-21 00:07:42.335 +08:00 [WRN] Failed to determine the https port for redirect.
2026-09-21 00:07:42.987 +08:00 [INF] HTTP GET /api/councils/statistics responded 200 in 662.8829 ms
2026-09-21 00:08:10.027 +08:00 [INF] HTTP GET /api/councils/1/statistics responded 403 in 110.8892 ms
2026-09-21 00:08:10.192 +08:00 [INF] HTTP GET /api/councils/statistics responded 200 in 70.2065 ms
2026-09-21 00:08:10.277 +08:00 [INF] HTTP GET /api/councils/statistics responded 403 in 1.5387 ms
2026-09-21 01:03:53.599 +08:00 [DBG] Hosting starting
2026-09-21 01:03:54.056 +08:00 [INF] Now listening on: http://localhost:5099
2026-09-21 01:03:54.057 +08:00 [INF] Application started. Press Ctrl+C to shut down.
2026-09-21 01:03:54.058 +08:00 [INF] Hosting environment: Development
2026-09-21 01:03:54.058 +08:00 [INF] Content root path: D:\MYGDRIVE\PROJECTS\AIS\src\Akrho.Api
2026-09-21 01:03:54.059 +08:00 [DBG] Hosting started
2026-09-21 01:04:44.146 +08:00 [WRN] Failed to determine the https port for redirect.
2026-09-21 01:04:44.863 +08:00 [INF] HTTP GET /api/members/blocked responded 200 in 727.4737 ms
2026-09-21 01:04:45.034 +08:00 [INF] HTTP POST /api/members/4/block responded 403 in 118.5810 ms
2026-09-21 01:04:45.097 +08:00 [INF] HTTP POST /api/members/4/block responded 400 in 20.9725 ms
2026-09-21 01:04:45.209 +08:00 [INF] HTTP POST /api/members/4/block responded 200 in 72.4912 ms
2026-09-21 01:04:45.316 +08:00 [INF] HTTP GET /api/members/blocked responded 200 in 69.8727 ms
2026-09-21 01:05:01.919 +08:00 [INF] HTTP POST /api/members/4/reset-password responded 200 in 84.1651 ms
2026-09-21 01:05:02.134 +08:00 [INF] HTTP POST /api/members/4/unblock responded 200 in 156.7095 ms
2026-09-21 01:05:02.236 +08:00 [INF] HTTP GET /api/members/blocked responded 200 in 63.6260 ms
